Microsoft Windows [version 10.0.22631.4751]
(c) Microsoft Corporation. Tous droits réservés.

C:\Users\idura>cd H
Le chemin d’accès spécifié est introuvable.

C:\Users\idura>cd..

C:\Users>cd..

C:\>cd H

C:\H>git clone git@github.com:Hassinatem/CDL_DataAnalysis.git
Cloning into 'CDL_DataAnalysis'...
The authenticity of host 'github.com (140.82.121.4)' can't be established.
ED25519 key fingerprint is SHA256:+DiY3wvvV6TuJJhbpZisF/zLDA0zPMSvHdkr4UvCOqU.
This key is not known by any other names.
Are you sure you want to continue connecting (yes/no/[fingerprint])? yes
Warning: Permanently added 'github.com' (ED25519) to the list of known hosts.
remote: Enumerating objects: 5, done.
remote: Counting objects: 100% (5/5), done.
remote: Compressing objects: 100% (4/4), done.
remote: Total 5 (delta 0), reused 0 (delta 0), pack-reused 0 (from 0)
Receiving objects: 100% (5/5), 6.29 KiB | 6.29 MiB/s, done.

C:\H>cd CDL_DataAnalysis

C:\H\CDL_DataAnalysis>git status
On branch main
Your branch is up to date with 'origin/main'.

Untracked files:
  (use "git add <file>..." to include in what will be committed)
        data.txt

nothing added to commit but untracked files present (use "git add" to track)

C:\H\CDL_DataAnalysis>git add data.txt

C:\H\CDL_DataAnalysis>git status
On branch main
Your branch is up to date with 'origin/main'.

Changes to be committed:
  (use "git restore --staged <file>..." to unstage)
        new file:   data.txt


C:\H\CDL_DataAnalysis>git commit -m 'test de creation'
error: pathspec 'de' did not match any file(s) known to git
error: pathspec 'creation'' did not match any file(s) known to git

C:\H\CDL_DataAnalysis>git commit -m "test de creation"
Author identity unknown

*** Please tell me who you are.

Run

  git config --global user.email "you@example.com"
  git config --global user.name "Your Name"

to set your account's default identity.
Omit --global to set the identity only in this repository.

fatal: unable to auto-detect email address (got 'idura@TEMFAMILY.(none)')

C:\H\CDL_DataAnalysis>git config --global user.email "idurar@yahoo.fr"

C:\H\CDL_DataAnalysis>git config --global user.name "Hassina"

C:\H\CDL_DataAnalysis>git status
On branch main
Your branch is up to date with 'origin/main'.

Changes to be committed:
  (use "git restore --staged <file>..." to unstage)
        new file:   data.txt


C:\H\CDL_DataAnalysis>git push
Everything up-to-date

C:\H\CDL_DataAnalysis>git commit -m "test de creation"
[main 4734c54] test de creation
 1 file changed, 1 insertion(+)
 create mode 100644 data.txt

C:\H\CDL_DataAnalysis>git push
Enumerating objects: 4, done.
Counting objects: 100% (4/4), done.
Delta compression using up to 12 threads
Compressing objects: 100% (2/2), done.
Writing objects: 100% (3/3), 266 bytes | 266.00 KiB/s, done.
Total 3 (delta 1), reused 0 (delta 0), pack-reused 0 (from 0)
remote: Resolving deltas: 100% (1/1), completed with 1 local object.
To github.com:Hassinatem/CDL_DataAnalysis.git
   2e15274..4734c54  main -> main

C:\H\CDL_DataAnalysis>git status
On branch main
Your branch is up to date with 'origin/main'.

nothing to commit, working tree clean

C:\H\CDL_DataAnalysis>git pull
remote: Enumerating objects: 3, done.
remote: Counting objects: 100% (3/3), done.
remote: Compressing objects: 100% (1/1), done.
remote: Total 2 (delta 1), reused 2 (delta 1), pack-reused 0 (from 0)
Unpacking objects: 100% (2/2), 197 bytes | 65.00 KiB/s, done.
From github.com:Hassinatem/CDL_DataAnalysis
   4734c54..368074d  main       -> origin/main
Updating 4734c54..368074d
Fast-forward
 data.txt | 1 -
 1 file changed, 1 deletion(-)
 delete mode 100644 data.txt

C:\H\CDL_DataAnalysis>